Information: Creating new attribute 'rtIsRegisteredInput' on port 'HCLK_hclk'. (UID-96)
Information: Creating new attribute 'rtIsRegisteredOutput' on port 'ex_i_ahb_AHB_Master_hgrant'. (UID-96)
****************************
Report : check_unregistered_io
Design : parking
Version: J-2014.09-SP5
****************************

ex_i_ahb_AHB_Master_haddr[31] is not registered at input
ex_i_ahb_AHB_Master_haddr[30] is not registered at input
ex_i_ahb_AHB_Master_haddr[29] is not registered at input
ex_i_ahb_AHB_Master_haddr[28] is not registered at input
ex_i_ahb_AHB_Master_haddr[27] is not registered at input
ex_i_ahb_AHB_Master_haddr[26] is not registered at input
ex_i_ahb_AHB_Master_haddr[25] is not registered at input
ex_i_ahb_AHB_Master_haddr[24] is not registered at input
ex_i_ahb_AHB_Master_haddr[23] is not registered at input
ex_i_ahb_AHB_Master_haddr[22] is not registered at input
ex_i_ahb_AHB_Master_haddr[21] is not registered at input
ex_i_ahb_AHB_Master_haddr[20] is not registered at input
ex_i_ahb_AHB_Master_haddr[19] is not registered at input
ex_i_ahb_AHB_Master_haddr[18] is not registered at input
ex_i_ahb_AHB_Master_haddr[17] is not registered at input
ex_i_ahb_AHB_Master_haddr[16] is not registered at input
ex_i_ahb_AHB_Master_haddr[15] is not registered at input
ex_i_ahb_AHB_Master_haddr[14] is not registered at input
ex_i_ahb_AHB_Master_haddr[13] is not registered at input
ex_i_ahb_AHB_Master_haddr[12] is not registered at input
ex_i_ahb_AHB_Master_haddr[11] is not registered at input
ex_i_ahb_AHB_Master_haddr[10] is not registered at input
ex_i_ahb_AHB_Master_haddr[9] is not registered at input
ex_i_ahb_AHB_Master_haddr[8] is not registered at input
ex_i_ahb_AHB_Master_haddr[7] is not registered at input
ex_i_ahb_AHB_Master_haddr[6] is not registered at input
ex_i_ahb_AHB_Master_haddr[5] is not registered at input
ex_i_ahb_AHB_Master_haddr[4] is not registered at input
ex_i_ahb_AHB_Master_haddr[3] is not registered at input
ex_i_ahb_AHB_Master_haddr[2] is not registered at input
ex_i_ahb_AHB_Master_haddr[1] is not registered at input
ex_i_ahb_AHB_Master_haddr[0] is not registered at input
ex_i_ahb_AHB_Master_hburst[2] is not registered at input
ex_i_ahb_AHB_Master_hburst[1] is not registered at input
ex_i_ahb_AHB_Master_hburst[0] is not registered at input
ex_i_ahb_AHB_Master_hbusreq is not registered at input
ex_i_ahb_AHB_Master_hlock is not registered at input
ex_i_ahb_AHB_Master_hprot[3] is not registered at input
ex_i_ahb_AHB_Master_hprot[2] is not registered at input
ex_i_ahb_AHB_Master_hprot[1] is not registered at input
ex_i_ahb_AHB_Master_hprot[0] is not registered at input
ex_i_ahb_AHB_Master_hsize[2] is not registered at input
ex_i_ahb_AHB_Master_hsize[1] is not registered at input
ex_i_ahb_AHB_Master_hsize[0] is not registered at input
ex_i_ahb_AHB_Master_htrans[1] is not registered at input
ex_i_ahb_AHB_Master_htrans[0] is not registered at input
ex_i_ahb_AHB_Master_hwdata[31] is not registered at input
ex_i_ahb_AHB_Master_hwdata[30] is not registered at input
ex_i_ahb_AHB_Master_hwdata[29] is not registered at input
ex_i_ahb_AHB_Master_hwdata[28] is not registered at input
ex_i_ahb_AHB_Master_hwdata[27] is not registered at input
ex_i_ahb_AHB_Master_hwdata[26] is not registered at input
ex_i_ahb_AHB_Master_hwdata[25] is not registered at input
ex_i_ahb_AHB_Master_hwdata[24] is not registered at input
ex_i_ahb_AHB_Master_hwdata[23] is not registered at input
ex_i_ahb_AHB_Master_hwdata[22] is not registered at input
ex_i_ahb_AHB_Master_hwdata[21] is not registered at input
ex_i_ahb_AHB_Master_hwdata[20] is not registered at input
ex_i_ahb_AHB_Master_hwdata[19] is not registered at input
ex_i_ahb_AHB_Master_hwdata[18] is not registered at input
ex_i_ahb_AHB_Master_hwdata[17] is not registered at input
ex_i_ahb_AHB_Master_hwdata[16] is not registered at input
ex_i_ahb_AHB_Master_hwdata[15] is not registered at input
ex_i_ahb_AHB_Master_hwdata[14] is not registered at input
ex_i_ahb_AHB_Master_hwdata[13] is not registered at input
ex_i_ahb_AHB_Master_hwdata[12] is not registered at input
ex_i_ahb_AHB_Master_hwdata[11] is not registered at input
ex_i_ahb_AHB_Master_hwdata[10] is not registered at input
ex_i_ahb_AHB_Master_hwdata[9] is not registered at input
ex_i_ahb_AHB_Master_hwdata[8] is not registered at input
ex_i_ahb_AHB_Master_hwdata[7] is not registered at input
ex_i_ahb_AHB_Master_hwdata[6] is not registered at input
ex_i_ahb_AHB_Master_hwdata[5] is not registered at input
ex_i_ahb_AHB_Master_hwdata[4] is not registered at input
ex_i_ahb_AHB_Master_hwdata[3] is not registered at input
ex_i_ahb_AHB_Master_hwdata[2] is not registered at input
ex_i_ahb_AHB_Master_hwdata[1] is not registered at input
ex_i_ahb_AHB_Master_hwdata[0] is not registered at input
ex_i_ahb_AHB_Master_hwrite is not registered at input
ex_i_ahb_AHB_Slave_hrdata[31] is not registered at input
ex_i_ahb_AHB_Slave_hrdata[30] is not registered at input
ex_i_ahb_AHB_Slave_hrdata[29] is not registered at input
ex_i_ahb_AHB_Slave_hrdata[28] is not registered at input
ex_i_ahb_AHB_Slave_hrdata[27] is not registered at input
ex_i_ahb_AHB_Slave_hrdata[26] is not registered at input
ex_i_ahb_AHB_Slave_hrdata[25] is not registered at input
ex_i_ahb_AHB_Slave_hrdata[24] is not registered at input
ex_i_ahb_AHB_Slave_hrdata[23] is not registered at input
ex_i_ahb_AHB_Slave_hrdata[22] is not registered at input
ex_i_ahb_AHB_Slave_hrdata[21] is not registered at input
ex_i_ahb_AHB_Slave_hrdata[20] is not registered at input
ex_i_ahb_AHB_Slave_hrdata[19] is not registered at input
ex_i_ahb_AHB_Slave_hrdata[18] is not registered at input
ex_i_ahb_AHB_Slave_hrdata[17] is not registered at input
ex_i_ahb_AHB_Slave_hrdata[16] is not registered at input
ex_i_ahb_AHB_Slave_hrdata[15] is not registered at input
ex_i_ahb_AHB_Slave_hrdata[14] is not registered at input
ex_i_ahb_AHB_Slave_hrdata[13] is not registered at input
ex_i_ahb_AHB_Slave_hrdata[12] is not registered at input
ex_i_ahb_AHB_Slave_hrdata[11] is not registered at input
ex_i_ahb_AHB_Slave_hrdata[10] is not registered at input
ex_i_ahb_AHB_Slave_hrdata[9] is not registered at input
ex_i_ahb_AHB_Slave_hrdata[8] is not registered at input
ex_i_ahb_AHB_Slave_hrdata[7] is not registered at input
ex_i_ahb_AHB_Slave_hrdata[6] is not registered at input
ex_i_ahb_AHB_Slave_hrdata[5] is not registered at input
ex_i_ahb_AHB_Slave_hrdata[4] is not registered at input
ex_i_ahb_AHB_Slave_hrdata[3] is not registered at input
ex_i_ahb_AHB_Slave_hrdata[2] is not registered at input
ex_i_ahb_AHB_Slave_hrdata[1] is not registered at input
ex_i_ahb_AHB_Slave_hrdata[0] is not registered at input
ex_i_ahb_AHB_Slave_hready_resp is not registered at input
ex_i_ahb_AHB_Slave_hresp[1] is not registered at input
ex_i_ahb_AHB_Slave_hresp[0] is not registered at input
i_ahb_pause is not registered at input
i_apb_pclk_en is not registered at input
i_i2c_ic_clk_in_a is not registered at input
i_i2c_ic_rst_n is not registered at input
ex_i_ahb_AHB_Master_hrdata[31] is not registered at output
ex_i_ahb_AHB_Master_hrdata[30] is not registered at output
ex_i_ahb_AHB_Master_hrdata[29] is not registered at output
ex_i_ahb_AHB_Master_hrdata[28] is not registered at output
ex_i_ahb_AHB_Master_hrdata[27] is not registered at output
ex_i_ahb_AHB_Master_hrdata[26] is not registered at output
ex_i_ahb_AHB_Master_hrdata[25] is not registered at output
ex_i_ahb_AHB_Master_hrdata[24] is not registered at output
ex_i_ahb_AHB_Master_hrdata[23] is not registered at output
ex_i_ahb_AHB_Master_hrdata[22] is not registered at output
ex_i_ahb_AHB_Master_hrdata[21] is not registered at output
ex_i_ahb_AHB_Master_hrdata[20] is not registered at output
ex_i_ahb_AHB_Master_hrdata[19] is not registered at output
ex_i_ahb_AHB_Master_hrdata[18] is not registered at output
ex_i_ahb_AHB_Master_hrdata[17] is not registered at output
ex_i_ahb_AHB_Master_hrdata[16] is not registered at output
ex_i_ahb_AHB_Master_hrdata[15] is not registered at output
ex_i_ahb_AHB_Master_hrdata[14] is not registered at output
ex_i_ahb_AHB_Master_hrdata[13] is not registered at output
ex_i_ahb_AHB_Master_hrdata[12] is not registered at output
ex_i_ahb_AHB_Master_hrdata[11] is not registered at output
ex_i_ahb_AHB_Master_hrdata[10] is not registered at output
ex_i_ahb_AHB_Master_hrdata[9] is not registered at output
ex_i_ahb_AHB_Master_hrdata[8] is not registered at output
ex_i_ahb_AHB_Master_hrdata[7] is not registered at output
ex_i_ahb_AHB_Master_hrdata[6] is not registered at output
ex_i_ahb_AHB_Master_hrdata[5] is not registered at output
ex_i_ahb_AHB_Master_hrdata[4] is not registered at output
ex_i_ahb_AHB_Master_hrdata[3] is not registered at output
ex_i_ahb_AHB_Master_hrdata[2] is not registered at output
ex_i_ahb_AHB_Master_hrdata[1] is not registered at output
ex_i_ahb_AHB_Master_hrdata[0] is not registered at output
ex_i_ahb_AHB_Master_hready is not registered at output
ex_i_ahb_AHB_Master_hresp[1] is not registered at output
ex_i_ahb_AHB_Master_hresp[0] is not registered at output
ex_i_ahb_AHB_Slave_haddr[31] is not registered at output
ex_i_ahb_AHB_Slave_haddr[30] is not registered at output
ex_i_ahb_AHB_Slave_haddr[29] is not registered at output
ex_i_ahb_AHB_Slave_haddr[28] is not registered at output
ex_i_ahb_AHB_Slave_haddr[27] is not registered at output
ex_i_ahb_AHB_Slave_haddr[26] is not registered at output
ex_i_ahb_AHB_Slave_haddr[25] is not registered at output
ex_i_ahb_AHB_Slave_haddr[24] is not registered at output
ex_i_ahb_AHB_Slave_haddr[23] is not registered at output
ex_i_ahb_AHB_Slave_haddr[22] is not registered at output
ex_i_ahb_AHB_Slave_haddr[21] is not registered at output
ex_i_ahb_AHB_Slave_haddr[20] is not registered at output
ex_i_ahb_AHB_Slave_haddr[19] is not registered at output
ex_i_ahb_AHB_Slave_haddr[18] is not registered at output
ex_i_ahb_AHB_Slave_haddr[17] is not registered at output
ex_i_ahb_AHB_Slave_haddr[16] is not registered at output
ex_i_ahb_AHB_Slave_haddr[15] is not registered at output
ex_i_ahb_AHB_Slave_haddr[14] is not registered at output
ex_i_ahb_AHB_Slave_haddr[13] is not registered at output
ex_i_ahb_AHB_Slave_haddr[12] is not registered at output
ex_i_ahb_AHB_Slave_haddr[11] is not registered at output
ex_i_ahb_AHB_Slave_haddr[10] is not registered at output
ex_i_ahb_AHB_Slave_haddr[9] is not registered at output
ex_i_ahb_AHB_Slave_haddr[8] is not registered at output
ex_i_ahb_AHB_Slave_haddr[7] is not registered at output
ex_i_ahb_AHB_Slave_haddr[6] is not registered at output
ex_i_ahb_AHB_Slave_haddr[5] is not registered at output
ex_i_ahb_AHB_Slave_haddr[4] is not registered at output
ex_i_ahb_AHB_Slave_haddr[3] is not registered at output
ex_i_ahb_AHB_Slave_haddr[2] is not registered at output
ex_i_ahb_AHB_Slave_haddr[1] is not registered at output
ex_i_ahb_AHB_Slave_haddr[0] is not registered at output
ex_i_ahb_AHB_Slave_hburst[2] is not registered at output
ex_i_ahb_AHB_Slave_hburst[1] is not registered at output
ex_i_ahb_AHB_Slave_hburst[0] is not registered at output
ex_i_ahb_AHB_Slave_hprot[3] is not registered at output
ex_i_ahb_AHB_Slave_hprot[2] is not registered at output
ex_i_ahb_AHB_Slave_hprot[1] is not registered at output
ex_i_ahb_AHB_Slave_hprot[0] is not registered at output
ex_i_ahb_AHB_Slave_hready is not registered at output
ex_i_ahb_AHB_Slave_hsel is not registered at output
ex_i_ahb_AHB_Slave_hsize[2] is not registered at output
ex_i_ahb_AHB_Slave_hsize[1] is not registered at output
ex_i_ahb_AHB_Slave_hsize[0] is not registered at output
ex_i_ahb_AHB_Slave_htrans[1] is not registered at output
ex_i_ahb_AHB_Slave_htrans[0] is not registered at output
ex_i_ahb_AHB_Slave_hwdata[31] is not registered at output
ex_i_ahb_AHB_Slave_hwdata[30] is not registered at output
ex_i_ahb_AHB_Slave_hwdata[29] is not registered at output
ex_i_ahb_AHB_Slave_hwdata[28] is not registered at output
ex_i_ahb_AHB_Slave_hwdata[27] is not registered at output
ex_i_ahb_AHB_Slave_hwdata[26] is not registered at output
ex_i_ahb_AHB_Slave_hwdata[25] is not registered at output
ex_i_ahb_AHB_Slave_hwdata[24] is not registered at output
ex_i_ahb_AHB_Slave_hwdata[23] is not registered at output
ex_i_ahb_AHB_Slave_hwdata[22] is not registered at output
ex_i_ahb_AHB_Slave_hwdata[21] is not registered at output
ex_i_ahb_AHB_Slave_hwdata[20] is not registered at output
ex_i_ahb_AHB_Slave_hwdata[19] is not registered at output
ex_i_ahb_AHB_Slave_hwdata[18] is not registered at output
ex_i_ahb_AHB_Slave_hwdata[17] is not registered at output
ex_i_ahb_AHB_Slave_hwdata[16] is not registered at output
ex_i_ahb_AHB_Slave_hwdata[15] is not registered at output
ex_i_ahb_AHB_Slave_hwdata[14] is not registered at output
ex_i_ahb_AHB_Slave_hwdata[13] is not registered at output
ex_i_ahb_AHB_Slave_hwdata[12] is not registered at output
ex_i_ahb_AHB_Slave_hwdata[11] is not registered at output
ex_i_ahb_AHB_Slave_hwdata[10] is not registered at output
ex_i_ahb_AHB_Slave_hwdata[9] is not registered at output
ex_i_ahb_AHB_Slave_hwdata[8] is not registered at output
ex_i_ahb_AHB_Slave_hwdata[7] is not registered at output
ex_i_ahb_AHB_Slave_hwdata[6] is not registered at output
ex_i_ahb_AHB_Slave_hwdata[5] is not registered at output
ex_i_ahb_AHB_Slave_hwdata[4] is not registered at output
ex_i_ahb_AHB_Slave_hwdata[3] is not registered at output
ex_i_ahb_AHB_Slave_hwdata[2] is not registered at output
ex_i_ahb_AHB_Slave_hwdata[1] is not registered at output
ex_i_ahb_AHB_Slave_hwdata[0] is not registered at output
ex_i_ahb_AHB_Slave_hwrite is not registered at output
i_ahb_hmaster_data[3] is not registered at output
i_ahb_hmaster_data[2] is not registered at output
i_ahb_hmaster_data[1] is not registered at output
i_ahb_hmaster_data[0] is not registered at output
i_ahb_hrdata_s0[31] is not registered at output
i_ahb_hrdata_s0[30] is not registered at output
i_ahb_hrdata_s0[27] is not registered at output
i_ahb_hrdata_s0[26] is not registered at output
i_ahb_hrdata_s0[24] is not registered at output
i_ahb_hrdata_s0[23] is not registered at output
i_ahb_hrdata_s0[22] is not registered at output
i_ahb_hrdata_s0[19] is not registered at output
i_ahb_hrdata_s0[18] is not registered at output
i_ahb_hrdata_s0[17] is not registered at output
i_ahb_hrdata_s0[15] is not registered at output
i_ahb_hrdata_s0[14] is not registered at output
i_ahb_hrdata_s0[11] is not registered at output
i_ahb_hrdata_s0[10] is not registered at output
i_ahb_hready_resp_s0 is not registered at output
i_ahb_hresp_s0[1] is not registered at output
i_ahb_hsel_s0 is not registered at output
i_i2c_debug_hs is not registered at output

Inputs:
  118 unregistered
  6 registered

Outputs:
  136 unregistered
  55 registered

