// component: /i_i2c
// library: work
// files:
/home/warehouse/yitongding/Documents/ese566/dirdecider_DC/parkinggate/components/i_i2c/src/DW_apb_i2c_cc_constants.v
/home/warehouse/yitongding/Documents/ese566/dirdecider_DC/parkinggate/components/i_i2c/src/DW_apb_i2c_bcm_params.v
/home/warehouse/yitongding/Documents/ese566/dirdecider_DC/parkinggate/components/i_i2c/src/DW_apb_i2c_bcm57.v
/home/warehouse/yitongding/Documents/ese566/dirdecider_DC/parkinggate/components/i_i2c/src/DW_apb_i2c_bcm21.v
/home/warehouse/yitongding/Documents/ese566/dirdecider_DC/parkinggate/components/i_i2c/src/DW_apb_i2c_bcm41.v
/home/warehouse/yitongding/Documents/ese566/dirdecider_DC/parkinggate/components/i_i2c/src/DW_apb_i2c_bcm06.v
/home/warehouse/yitongding/Documents/ese566/dirdecider_DC/parkinggate/components/i_i2c/src/DW_apb_i2c_biu.v
/home/warehouse/yitongding/Documents/ese566/dirdecider_DC/parkinggate/components/i_i2c/src/DW_apb_i2c_regfile.v
/home/warehouse/yitongding/Documents/ese566/dirdecider_DC/parkinggate/components/i_i2c/src/DW_apb_i2c_fifo.v
/home/warehouse/yitongding/Documents/ese566/dirdecider_DC/parkinggate/components/i_i2c/src/DW_apb_i2c_intctl.v
/home/warehouse/yitongding/Documents/ese566/dirdecider_DC/parkinggate/components/i_i2c/src/DW_apb_i2c_rx_filter.v
/home/warehouse/yitongding/Documents/ese566/dirdecider_DC/parkinggate/components/i_i2c/src/DW_apb_i2c_clk_gen.v
/home/warehouse/yitongding/Documents/ese566/dirdecider_DC/parkinggate/components/i_i2c/src/DW_apb_i2c_mstfsm.v
/home/warehouse/yitongding/Documents/ese566/dirdecider_DC/parkinggate/components/i_i2c/src/DW_apb_i2c_sync.v
/home/warehouse/yitongding/Documents/ese566/dirdecider_DC/parkinggate/components/i_i2c/src/DW_apb_i2c_slvfsm.v
/home/warehouse/yitongding/Documents/ese566/dirdecider_DC/parkinggate/components/i_i2c/src/DW_apb_i2c_tx_shift.v
/home/warehouse/yitongding/Documents/ese566/dirdecider_DC/parkinggate/components/i_i2c/src/DW_apb_i2c_rx_shift.v
/home/warehouse/yitongding/Documents/ese566/dirdecider_DC/parkinggate/components/i_i2c/src/DW_apb_i2c_toggle.v
/home/warehouse/yitongding/Documents/ese566/dirdecider_DC/parkinggate/components/i_i2c/src/DW_apb_i2c_dma.v
/home/warehouse/yitongding/Documents/ese566/dirdecider_DC/parkinggate/components/i_i2c/src/DW_apb_i2c.v
/home/warehouse/yitongding/Documents/ese566/dirdecider_DC/parkinggate/components/i_i2c/src/DW_apb_i2c-undef.v

// component: /i_apb
// library: work
// files:
/home/warehouse/yitongding/Documents/ese566/dirdecider_DC/parkinggate/components/i_apb/src/DW_amba_constants.v
/home/warehouse/yitongding/Documents/ese566/dirdecider_DC/parkinggate/components/i_apb/src/DW_apb_cc_constants.v
/home/warehouse/yitongding/Documents/ese566/dirdecider_DC/parkinggate/components/i_apb/src/DW_apb_constants.v
/home/warehouse/yitongding/Documents/ese566/dirdecider_DC/parkinggate/components/i_apb/src/DW_apb_dcdr.v
/home/warehouse/yitongding/Documents/ese566/dirdecider_DC/parkinggate/components/i_apb/src/DW_apb_slcr.v
/home/warehouse/yitongding/Documents/ese566/dirdecider_DC/parkinggate/components/i_apb/src/DW_apb_ahbsif.v
/home/warehouse/yitongding/Documents/ese566/dirdecider_DC/parkinggate/components/i_apb/src/DW_apb_prdmux.v
/home/warehouse/yitongding/Documents/ese566/dirdecider_DC/parkinggate/components/i_apb/src/DW_apb_psel.v
/home/warehouse/yitongding/Documents/ese566/dirdecider_DC/parkinggate/components/i_apb/src/DW_apb_deslcr.v
/home/warehouse/yitongding/Documents/ese566/dirdecider_DC/parkinggate/components/i_apb/src/DW_apb_mux.v
/home/warehouse/yitongding/Documents/ese566/dirdecider_DC/parkinggate/components/i_apb/src/DW_apb_rdretime.v
/home/warehouse/yitongding/Documents/ese566/dirdecider_DC/parkinggate/components/i_apb/src/DW_apb.v
/home/warehouse/yitongding/Documents/ese566/dirdecider_DC/parkinggate/components/i_apb/src/DW_apb-undef.v

// component: /i_ahb
// library: work
// files:
/home/warehouse/yitongding/Documents/ese566/dirdecider_DC/parkinggate/components/i_ahb/src/DW_amba_constants.v
/home/warehouse/yitongding/Documents/ese566/dirdecider_DC/parkinggate/components/i_ahb/src/DW_ahb_cc_constants.v
/home/warehouse/yitongding/Documents/ese566/dirdecider_DC/parkinggate/components/i_ahb/src/DW_ahb_constants.v
/home/warehouse/yitongding/Documents/ese566/dirdecider_DC/parkinggate/components/i_ahb/src/DW_ahb_bcm_params.v
/home/warehouse/yitongding/Documents/ese566/dirdecider_DC/parkinggate/components/i_ahb/src/DW_ahb_bcm02.v
/home/warehouse/yitongding/Documents/ese566/dirdecider_DC/parkinggate/components/i_ahb/src/DW_ahb_bcm01.v
/home/warehouse/yitongding/Documents/ese566/dirdecider_DC/parkinggate/components/i_ahb/src/DW_ahb_bcm53.v
/home/warehouse/yitongding/Documents/ese566/dirdecider_DC/parkinggate/components/i_ahb/src/DW_ahb_arbif.v
/home/warehouse/yitongding/Documents/ese566/dirdecider_DC/parkinggate/components/i_ahb/src/DW_ahb_dcdr.v
/home/warehouse/yitongding/Documents/ese566/dirdecider_DC/parkinggate/components/i_ahb/src/DW_ahb_dfltslv.v
/home/warehouse/yitongding/Documents/ese566/dirdecider_DC/parkinggate/components/i_ahb/src/DW_ahb_ebt.v
/home/warehouse/yitongding/Documents/ese566/dirdecider_DC/parkinggate/components/i_ahb/src/DW_ahb_gctrl.v
/home/warehouse/yitongding/Documents/ese566/dirdecider_DC/parkinggate/components/i_ahb/src/DW_ahb_mask.v
/home/warehouse/yitongding/Documents/ese566/dirdecider_DC/parkinggate/components/i_ahb/src/DW_ahb_mux.v
/home/warehouse/yitongding/Documents/ese566/dirdecider_DC/parkinggate/components/i_ahb/src/DW_ahb_cntc.v
/home/warehouse/yitongding/Documents/ese566/dirdecider_DC/parkinggate/components/i_ahb/src/DW_ahb_gating.v
/home/warehouse/yitongding/Documents/ese566/dirdecider_DC/parkinggate/components/i_ahb/src/DW_ahb_wtps.v
/home/warehouse/yitongding/Documents/ese566/dirdecider_DC/parkinggate/components/i_ahb/src/DW_ahb_arb.v
/home/warehouse/yitongding/Documents/ese566/dirdecider_DC/parkinggate/components/i_ahb/src/DW_ahb.v
/home/warehouse/yitongding/Documents/ese566/dirdecider_DC/parkinggate/components/i_ahb/src/DW_ahb-undef.v

// component: (top level)
// library: work
// files:
/home/warehouse/yitongding/Documents/ese566/dirdecider_DC/parkinggate/src/parking.v

