Report : check_through_paths
Design : parking
Version: J-2014.09-SP5
****************************

'Input Port'              'Output Port'            
------------------------  ------------------------ 
ex_i_ahb_AHB_Slave_hrdata[31] ex_i_ahb_AHB_Master_hrdata[31]
ex_i_ahb_AHB_Slave_hrdata[30] ex_i_ahb_AHB_Master_hrdata[30]
ex_i_ahb_AHB_Slave_hrdata[29] ex_i_ahb_AHB_Master_hrdata[29]
ex_i_ahb_AHB_Slave_hrdata[28] ex_i_ahb_AHB_Master_hrdata[28]
ex_i_ahb_AHB_Slave_hrdata[27] ex_i_ahb_AHB_Master_hrdata[27]
ex_i_ahb_AHB_Slave_hrdata[26] ex_i_ahb_AHB_Master_hrdata[26]
ex_i_ahb_AHB_Slave_hrdata[25] ex_i_ahb_AHB_Master_hrdata[25]
ex_i_ahb_AHB_Slave_hrdata[24] ex_i_ahb_AHB_Master_hrdata[24]
ex_i_ahb_AHB_Slave_hrdata[23] ex_i_ahb_AHB_Master_hrdata[23]
ex_i_ahb_AHB_Slave_hrdata[22] ex_i_ahb_AHB_Master_hrdata[22]
ex_i_ahb_AHB_Slave_hrdata[21] ex_i_ahb_AHB_Master_hrdata[21]
ex_i_ahb_AHB_Slave_hrdata[20] ex_i_ahb_AHB_Master_hrdata[20]
ex_i_ahb_AHB_Slave_hrdata[19] ex_i_ahb_AHB_Master_hrdata[19]
ex_i_ahb_AHB_Slave_hrdata[18] ex_i_ahb_AHB_Master_hrdata[18]
ex_i_ahb_AHB_Slave_hrdata[17] ex_i_ahb_AHB_Master_hrdata[17]
ex_i_ahb_AHB_Slave_hrdata[16] ex_i_ahb_AHB_Master_hrdata[16]
ex_i_ahb_AHB_Slave_hrdata[15] ex_i_ahb_AHB_Master_hrdata[15]
ex_i_ahb_AHB_Slave_hrdata[14] ex_i_ahb_AHB_Master_hrdata[14]
ex_i_ahb_AHB_Slave_hrdata[13] ex_i_ahb_AHB_Master_hrdata[13]
ex_i_ahb_AHB_Slave_hrdata[12] ex_i_ahb_AHB_Master_hrdata[12]
ex_i_ahb_AHB_Slave_hrdata[11] ex_i_ahb_AHB_Master_hrdata[11]
ex_i_ahb_AHB_Slave_hrdata[10] ex_i_ahb_AHB_Master_hrdata[10]
ex_i_ahb_AHB_Slave_hrdata[9] ex_i_ahb_AHB_Master_hrdata[9]
ex_i_ahb_AHB_Slave_hrdata[8] ex_i_ahb_AHB_Master_hrdata[8]
ex_i_ahb_AHB_Slave_hrdata[7] ex_i_ahb_AHB_Master_hrdata[7]
ex_i_ahb_AHB_Slave_hrdata[6] ex_i_ahb_AHB_Master_hrdata[6]
ex_i_ahb_AHB_Slave_hrdata[5] ex_i_ahb_AHB_Master_hrdata[5]
ex_i_ahb_AHB_Slave_hrdata[4] ex_i_ahb_AHB_Master_hrdata[4]
ex_i_ahb_AHB_Slave_hrdata[3] ex_i_ahb_AHB_Master_hrdata[3]
ex_i_ahb_AHB_Slave_hrdata[2] ex_i_ahb_AHB_Master_hrdata[2]
ex_i_ahb_AHB_Slave_hrdata[1] ex_i_ahb_AHB_Master_hrdata[1]
ex_i_ahb_AHB_Slave_hrdata[0] ex_i_ahb_AHB_Master_hrdata[0]
ex_i_ahb_AHB_Slave_hready_resp ex_i_ahb_AHB_Master_hready
ex_i_ahb_AHB_Slave_hresp[1] ex_i_ahb_AHB_Master_hresp[1]
ex_i_ahb_AHB_Slave_hresp[0] ex_i_ahb_AHB_Master_hresp[0]
ex_i_ahb_AHB_Master_haddr[31] ex_i_ahb_AHB_Slave_haddr[31]
ex_i_ahb_AHB_Master_haddr[30] ex_i_ahb_AHB_Slave_haddr[30]
ex_i_ahb_AHB_Master_haddr[29] ex_i_ahb_AHB_Slave_haddr[29]
ex_i_ahb_AHB_Master_haddr[28] ex_i_ahb_AHB_Slave_haddr[28]
ex_i_ahb_AHB_Master_haddr[27] ex_i_ahb_AHB_Slave_haddr[27]
ex_i_ahb_AHB_Master_haddr[26] ex_i_ahb_AHB_Slave_haddr[26]
ex_i_ahb_AHB_Master_haddr[25] ex_i_ahb_AHB_Slave_haddr[25]
ex_i_ahb_AHB_Master_haddr[24] ex_i_ahb_AHB_Slave_haddr[24]
ex_i_ahb_AHB_Master_haddr[23] ex_i_ahb_AHB_Slave_haddr[23]
ex_i_ahb_AHB_Master_haddr[22] ex_i_ahb_AHB_Slave_haddr[22]
ex_i_ahb_AHB_Master_haddr[21] ex_i_ahb_AHB_Slave_haddr[21]
ex_i_ahb_AHB_Master_haddr[20] ex_i_ahb_AHB_Slave_haddr[20]
ex_i_ahb_AHB_Master_haddr[19] ex_i_ahb_AHB_Slave_haddr[19]
ex_i_ahb_AHB_Master_haddr[18] ex_i_ahb_AHB_Slave_haddr[18]
ex_i_ahb_AHB_Master_haddr[17] ex_i_ahb_AHB_Slave_haddr[17]
ex_i_ahb_AHB_Master_haddr[16] ex_i_ahb_AHB_Slave_haddr[16]
ex_i_ahb_AHB_Master_haddr[15] ex_i_ahb_AHB_Slave_haddr[15]
ex_i_ahb_AHB_Master_haddr[14] ex_i_ahb_AHB_Slave_haddr[14]
ex_i_ahb_AHB_Master_haddr[13] ex_i_ahb_AHB_Slave_haddr[13]
ex_i_ahb_AHB_Master_haddr[12] ex_i_ahb_AHB_Slave_haddr[12]
ex_i_ahb_AHB_Master_haddr[11] ex_i_ahb_AHB_Slave_haddr[11]
ex_i_ahb_AHB_Master_haddr[10] ex_i_ahb_AHB_Slave_haddr[10]
ex_i_ahb_AHB_Master_haddr[9] ex_i_ahb_AHB_Slave_haddr[9]
ex_i_ahb_AHB_Master_haddr[8] ex_i_ahb_AHB_Slave_haddr[8]
ex_i_ahb_AHB_Master_haddr[7] ex_i_ahb_AHB_Slave_haddr[7]
ex_i_ahb_AHB_Master_haddr[6] ex_i_ahb_AHB_Slave_haddr[6]
ex_i_ahb_AHB_Master_haddr[5] ex_i_ahb_AHB_Slave_haddr[5]
ex_i_ahb_AHB_Master_haddr[4] ex_i_ahb_AHB_Slave_haddr[4]
ex_i_ahb_AHB_Master_haddr[3] ex_i_ahb_AHB_Slave_haddr[3]
ex_i_ahb_AHB_Master_haddr[2] ex_i_ahb_AHB_Slave_haddr[2]
ex_i_ahb_AHB_Master_haddr[1] ex_i_ahb_AHB_Slave_haddr[1]
ex_i_ahb_AHB_Master_haddr[0] ex_i_ahb_AHB_Slave_haddr[0]
ex_i_ahb_AHB_Master_hburst[2] ex_i_ahb_AHB_Slave_hburst[2]
ex_i_ahb_AHB_Master_hburst[1] ex_i_ahb_AHB_Slave_hburst[1]
ex_i_ahb_AHB_Master_hburst[0] ex_i_ahb_AHB_Slave_hburst[0]
ex_i_ahb_AHB_Master_hprot[3] ex_i_ahb_AHB_Slave_hprot[3]
ex_i_ahb_AHB_Master_hprot[2] ex_i_ahb_AHB_Slave_hprot[2]
ex_i_ahb_AHB_Master_hprot[1] ex_i_ahb_AHB_Slave_hprot[1]
ex_i_ahb_AHB_Master_hprot[0] ex_i_ahb_AHB_Slave_hprot[0]
ex_i_ahb_AHB_Slave_hready_resp ex_i_ahb_AHB_Slave_hready
ex_i_ahb_AHB_Master_haddr[16] ex_i_ahb_AHB_Slave_hsel  
ex_i_ahb_AHB_Master_haddr[19] ex_i_ahb_AHB_Slave_hsel  
ex_i_ahb_AHB_Master_haddr[18] ex_i_ahb_AHB_Slave_hsel  
ex_i_ahb_AHB_Master_haddr[20] ex_i_ahb_AHB_Slave_hsel  
ex_i_ahb_AHB_Master_haddr[22] ex_i_ahb_AHB_Slave_hsel  
ex_i_ahb_AHB_Master_haddr[23] ex_i_ahb_AHB_Slave_hsel  
ex_i_ahb_AHB_Master_haddr[21] ex_i_ahb_AHB_Slave_hsel  
ex_i_ahb_AHB_Master_haddr[24] ex_i_ahb_AHB_Slave_hsel  
ex_i_ahb_AHB_Master_haddr[27] ex_i_ahb_AHB_Slave_hsel  
ex_i_ahb_AHB_Master_haddr[28] ex_i_ahb_AHB_Slave_hsel  
ex_i_ahb_AHB_Master_haddr[31] ex_i_ahb_AHB_Slave_hsel  
ex_i_ahb_AHB_Master_haddr[29] ex_i_ahb_AHB_Slave_hsel  
ex_i_ahb_AHB_Master_haddr[30] ex_i_ahb_AHB_Slave_hsel  
ex_i_ahb_AHB_Master_haddr[26] ex_i_ahb_AHB_Slave_hsel  
ex_i_ahb_AHB_Master_haddr[25] ex_i_ahb_AHB_Slave_hsel  
ex_i_ahb_AHB_Master_haddr[14] ex_i_ahb_AHB_Slave_hsel  
ex_i_ahb_AHB_Master_haddr[12] ex_i_ahb_AHB_Slave_hsel  
ex_i_ahb_AHB_Master_haddr[15] ex_i_ahb_AHB_Slave_hsel  
ex_i_ahb_AHB_Master_haddr[13] ex_i_ahb_AHB_Slave_hsel  
ex_i_ahb_AHB_Master_haddr[17] ex_i_ahb_AHB_Slave_hsel  
ex_i_ahb_AHB_Master_hsize[2] ex_i_ahb_AHB_Slave_hsize[2]
ex_i_ahb_AHB_Master_hsize[1] ex_i_ahb_AHB_Slave_hsize[1]
ex_i_ahb_AHB_Master_hsize[0] ex_i_ahb_AHB_Slave_hsize[0]
ex_i_ahb_AHB_Master_htrans[1] ex_i_ahb_AHB_Slave_htrans[1]
ex_i_ahb_AHB_Master_htrans[0] ex_i_ahb_AHB_Slave_htrans[0]
ex_i_ahb_AHB_Master_hwdata[31] ex_i_ahb_AHB_Slave_hwdata[31]
ex_i_ahb_AHB_Master_hwdata[30] ex_i_ahb_AHB_Slave_hwdata[30]
ex_i_ahb_AHB_Master_hwdata[29] ex_i_ahb_AHB_Slave_hwdata[29]
ex_i_ahb_AHB_Master_hwdata[28] ex_i_ahb_AHB_Slave_hwdata[28]
ex_i_ahb_AHB_Master_hwdata[27] ex_i_ahb_AHB_Slave_hwdata[27]
ex_i_ahb_AHB_Master_hwdata[26] ex_i_ahb_AHB_Slave_hwdata[26]
ex_i_ahb_AHB_Master_hwdata[25] ex_i_ahb_AHB_Slave_hwdata[25]
ex_i_ahb_AHB_Master_hwdata[24] ex_i_ahb_AHB_Slave_hwdata[24]
ex_i_ahb_AHB_Master_hwdata[23] ex_i_ahb_AHB_Slave_hwdata[23]
ex_i_ahb_AHB_Master_hwdata[22] ex_i_ahb_AHB_Slave_hwdata[22]
ex_i_ahb_AHB_Master_hwdata[21] ex_i_ahb_AHB_Slave_hwdata[21]
ex_i_ahb_AHB_Master_hwdata[20] ex_i_ahb_AHB_Slave_hwdata[20]
ex_i_ahb_AHB_Master_hwdata[19] ex_i_ahb_AHB_Slave_hwdata[19]
ex_i_ahb_AHB_Master_hwdata[18] ex_i_ahb_AHB_Slave_hwdata[18]
ex_i_ahb_AHB_Master_hwdata[17] ex_i_ahb_AHB_Slave_hwdata[17]
ex_i_ahb_AHB_Master_hwdata[16] ex_i_ahb_AHB_Slave_hwdata[16]
ex_i_ahb_AHB_Master_hwdata[15] ex_i_ahb_AHB_Slave_hwdata[15]
ex_i_ahb_AHB_Master_hwdata[14] ex_i_ahb_AHB_Slave_hwdata[14]
ex_i_ahb_AHB_Master_hwdata[13] ex_i_ahb_AHB_Slave_hwdata[13]
ex_i_ahb_AHB_Master_hwdata[12] ex_i_ahb_AHB_Slave_hwdata[12]
ex_i_ahb_AHB_Master_hwdata[11] ex_i_ahb_AHB_Slave_hwdata[11]
ex_i_ahb_AHB_Master_hwdata[10] ex_i_ahb_AHB_Slave_hwdata[10]
ex_i_ahb_AHB_Master_hwdata[9] ex_i_ahb_AHB_Slave_hwdata[9]
ex_i_ahb_AHB_Master_hwdata[8] ex_i_ahb_AHB_Slave_hwdata[8]
ex_i_ahb_AHB_Master_hwdata[7] ex_i_ahb_AHB_Slave_hwdata[7]
ex_i_ahb_AHB_Master_hwdata[6] ex_i_ahb_AHB_Slave_hwdata[6]
ex_i_ahb_AHB_Master_hwdata[5] ex_i_ahb_AHB_Slave_hwdata[5]
ex_i_ahb_AHB_Master_hwdata[4] ex_i_ahb_AHB_Slave_hwdata[4]
ex_i_ahb_AHB_Master_hwdata[3] ex_i_ahb_AHB_Slave_hwdata[3]
ex_i_ahb_AHB_Master_hwdata[2] ex_i_ahb_AHB_Slave_hwdata[2]
ex_i_ahb_AHB_Master_hwdata[1] ex_i_ahb_AHB_Slave_hwdata[1]
ex_i_ahb_AHB_Master_hwdata[0] ex_i_ahb_AHB_Slave_hwdata[0]
ex_i_ahb_AHB_Master_hwrite ex_i_ahb_AHB_Slave_hwrite
ex_i_ahb_AHB_Master_haddr[17] i_ahb_hsel_s0            
ex_i_ahb_AHB_Master_haddr[16] i_ahb_hsel_s0            
ex_i_ahb_AHB_Master_haddr[13] i_ahb_hsel_s0            
ex_i_ahb_AHB_Master_haddr[14] i_ahb_hsel_s0            
ex_i_ahb_AHB_Master_haddr[15] i_ahb_hsel_s0            
ex_i_ahb_AHB_Master_haddr[19] i_ahb_hsel_s0            
ex_i_ahb_AHB_Master_haddr[18] i_ahb_hsel_s0            
ex_i_ahb_AHB_Master_haddr[20] i_ahb_hsel_s0            
ex_i_ahb_AHB_Master_haddr[22] i_ahb_hsel_s0            
ex_i_ahb_AHB_Master_haddr[23] i_ahb_hsel_s0            
ex_i_ahb_AHB_Master_haddr[21] i_ahb_hsel_s0            
ex_i_ahb_AHB_Master_haddr[24] i_ahb_hsel_s0            
ex_i_ahb_AHB_Master_haddr[27] i_ahb_hsel_s0            
ex_i_ahb_AHB_Master_haddr[28] i_ahb_hsel_s0            
ex_i_ahb_AHB_Master_haddr[31] i_ahb_hsel_s0            
ex_i_ahb_AHB_Master_haddr[29] i_ahb_hsel_s0            
ex_i_ahb_AHB_Master_haddr[30] i_ahb_hsel_s0            
ex_i_ahb_AHB_Master_haddr[26] i_ahb_hsel_s0            
ex_i_ahb_AHB_Master_haddr[25] i_ahb_hsel_s0            
ex_i_ahb_AHB_Master_haddr[12] i_ahb_hsel_s0            
